// Jest Snapshot v1, https://goo.gl/fbAQLP

exports[`Service could build string 1`] = `
"
100 +------------------------------------------------------------------------------------8
    |                                                                                    |
    |                                                                                    |
    |                                                                                    |
    |                                                                                    |
    |                                                                                    |
    |                                                                                    |
    |                                                                                    |
    |                                                                                    |
    |                                                                                    |
    |                                                                                    |
    |                                                                                    |
    |                                                                                    |
    |                                                                                    |
    |                                                                                    |
    |                     7                                                              |
    |                                                                                    |
    |                                                                                    |
    |                                                                                    |
    |                                                                                    |
  0 6------------------------------------------------------------------------------------+
    0                                                                                   100"
`;
